
<no location info>: warning: [-Wunused-packages]
    The following packages were specified via -package or -package-id flags,
    but were not needed for compilation:
      - template-haskell
