
unused_haddock.hs:4:1: warning: [-Wunused-top-binds (in -Wextra, -Wunused-binds)]
    Defined but not used: ‘foo’
