
==================== Strictness signatures ====================
T21119.get: <1!P(S!P(L),S!P(L))><1!P(L)><1L>
T21119.getIO: <1P(SL,L)><1L><ML><L>
T21119.indexError: <S!P(SCS(C1(L)),1C1(L),B)><1!S><S!S><1!S>b
T21119.throwIndexError: <LP(LCS(C1(L)),MC1(L),A)><ML><L><ML><L>x



==================== Cpr signatures ====================
T21119.get:
T21119.getIO: 1
T21119.indexError: b
T21119.throwIndexError: b



==================== Strictness signatures ====================
T21119.get: <1!P(1!P(L),1!P(L))><1!P(L)><1L>
T21119.getIO: <1P(SL,L)><1L><ML><L>
T21119.indexError: <1P(SCS(C1(L)),1C1(L),B)><1!S><S!S><1!S>b
T21119.throwIndexError: <LP(LCS(C1(L)),MC1(L),A)><ML><L><ML><L>x


